--- case random-0 ---
  blew up (|A| reached 1000): True, t_final = 2.407912, steps = 2482
  |A|(t_final) = 1000.000
  alignment |cos(omega,e_max)|  tail: mean=0.0024 max=0.0112
  alignment |cos(omega,e_mid)|  tail: mean=1.0000 max=1.0000
  alignment |cos(omega,e_min)|  tail: mean=0.0041 max=0.0192
  alpha1 = cos^2(omega,e_max) at final step: 0.0000

--- case random-1 ---
  blew up (|A| reached 1000): True, t_final = 4.835375, steps = 4913
  |A|(t_final) = 1000.000
  alignment |cos(omega,e_max)|  tail: mean=0.0152 max=0.0607
  alignment |cos(omega,e_mid)|  tail: mean=0.9995 max=1.0000
  alignment |cos(omega,e_min)|  tail: mean=0.0145 max=0.0622
  alpha1 = cos^2(omega,e_max) at final step: 0.0000

--- case random-2 ---
  blew up (|A| reached 1000): True, t_final = 6.122054, steps = 6188
  |A|(t_final) = 1000.000
  alignment |cos(omega,e_max)|  tail: mean=0.0203 max=0.0785
  alignment |cos(omega,e_mid)|  tail: mean=0.9992 max=1.0000
  alignment |cos(omega,e_min)|  tail: mean=0.0169 max=0.0698
  alpha1 = cos^2(omega,e_max) at final step: 0.0000

--- case random-3 ---
  blew up (|A| reached 1000): True, t_final = 4.221136, steps = 4300
  |A|(t_final) = 1000.000
  alignment |cos(omega,e_max)|  tail: mean=0.0038 max=0.0167
  alignment |cos(omega,e_mid)|  tail: mean=0.9999 max=1.0000
  alignment |cos(omega,e_min)|  tail: mean=0.0094 max=0.0413
  alpha1 = cos^2(omega,e_max) at final step: 0.0000

--- case random-4 ---
  blew up (|A| reached 1000): True, t_final = 3.840572, steps = 3922
  |A|(t_final) = 1000.000
  alignment |cos(omega,e_max)|  tail: mean=0.0045 max=0.0176
  alignment |cos(omega,e_mid)|  tail: mean=0.9993 max=1.0000
  alignment |cos(omega,e_min)|  tail: mean=0.0234 max=0.1031
  alpha1 = cos^2(omega,e_max) at final step: 0.0000

--- case random-5 ---
  blew up (|A| reached 1000): True, t_final = 4.209791, steps = 4266
  |A|(t_final) = 1000.000
  alignment |cos(omega,e_max)|  tail: mean=0.0008 max=0.0036
  alignment |cos(omega,e_mid)|  tail: mean=1.0000 max=1.0000
  alignment |cos(omega,e_min)|  tail: mean=0.0015 max=0.0064
  alpha1 = cos^2(omega,e_max) at final step: 0.0000

SUMMARY: 6/6 random restricted-Euler cases reached |A|=1000 in finite time
